2026-10-07 12:11:59,896 [INFO] __main__: Программа запущена
2026-10-07 12:11:59,896 [INFO] __main__: Вызов triangle('3', '4', '5')
2026-10-07 12:11:59,896 [DEBUG] __main__: Распарсенные стороны: a=3.0, b=4.0, c=5.0
2026-10-07 12:11:59,896 [INFO] __main__: Вид треугольника: разносторонний
2026-10-07 12:11:59,897 [DEBUG] __main__: Реальные координаты: [(0.0, 0.0), (3.0, 0.0), (0.0, 4.0)]
2026-10-07 12:11:59,897 [DEBUG] __main__: Масштаб: 25.0 (width=3.0, height=4.0)
2026-10-07 12:11:59,897 [INFO] __main__: Итоговые координаты: [(12, 0), (88, 0), (12, 100)]
2026-10-07 12:11:59,897 [INFO] __main__: Вызов triangle('5', '5', '5')
2026-10-07 12:11:59,897 [DEBUG] __main__: Распарсенные стороны: a=5.0, b=5.0, c=5.0
2026-10-07 12:11:59,897 [INFO] __main__: Вид треугольника: равносторонний
2026-10-07 12:11:59,897 [DEBUG] __main__: Реальные координаты: [(0.0, 0.0), (5.0, 0.0), (2.5, 4.330127018922194)]
2026-10-07 12:11:59,897 [DEBUG] __main__: Масштаб: 20.0 (width=5.0, height=4.330127018922194)
2026-10-07 12:11:59,897 [INFO] __main__: Итоговые координаты: [(0, 7), (100, 7), (50, 93)]
2026-10-07 12:11:59,897 [INFO] __main__: Вызов triangle('5', '5', '8')
2026-10-07 12:11:59,897 [DEBUG] __main__: Распарсенные стороны: a=5.0, b=5.0, c=8.0
2026-10-07 12:11:59,897 [INFO] __main__: Вид треугольника: равнобедренный
2026-10-07 12:11:59,897 [DEBUG] __main__: Реальные координаты: [(0.0, 0.0), (5.0, 0.0), (-1.4, 4.8)]
2026-10-07 12:11:59,897 [DEBUG] __main__: Масштаб: 15.625 (width=6.4, height=4.8)
2026-10-07 12:11:59,897 [INFO] __main__: Итоговые координаты: [(22, 12), (100, 12), (0, 88)]
2026-10-07 12:11:59,897 [INFO] __main__: Вызов triangle('1', '2', '10')
2026-10-07 12:11:59,897 [DEBUG] __main__: Распарсенные стороны: a=1.0, b=2.0, c=10.0
2026-10-07 12:11:59,897 [WARNING] __main__: Неравенство треугольника нарушено: 1.0, 2.0, 10.0
2026-10-07 12:11:59,898 [INFO] __main__: Вызов triangle('0', '2', '2')
2026-10-07 12:11:59,898 [DEBUG] __main__: Распарсенные стороны: a=0.0, b=2.0, c=2.0
2026-10-07 12:11:59,898 [WARNING] __main__: Сторона <= 0: a=0.0, b=2.0, c=2.0
2026-10-07 12:11:59,898 [INFO] __main__: Вызов triangle('abc', '2', '3')
2026-10-07 12:11:59,898 [WARNING] __main__: Нечисловые данные: 'abc', '2', '3'
2026-10-07 12:11:59,898 [INFO] __main__: Программа завершена
